<html lang='en_GB'>
<head>
<title>Neque porro quisquam est qui dolorem ipsum quia dolor sit amet, consectetur, adipisci velit...</title>
</head>

