=======================
Tests about blocks
=======================

The value of pi is 3.141592653589793.
Pi squared: 6.283185307179586
Pi squared: 6.283185307179586
Array [7,6,5,4,3,2,1] has length 7
Array [7,6,5,4,3,2,1] has length 7

Array $a has value 7 at position 0
Array .array and array $a are equal? (true)
Values sorted as strings: ["10","12","14","2","4","6","8"]

-----
	I expand!
	I expand to 'Neque porro quisquam'
	I expand to '3.141592653589793'
	I expand preserving $M: '3.141592653589793'
-----
-----

I expand to 'Neque porro quisquam'
I expand to 'Neque porro quisquam'
