<meta name='author' content='Anonymous' />
<meta name='author' content='Unknow' />
