=======================
Looping blocks
=======================

	2 lines
	2 lines
