<iframe src="https://www.youtube.com/embed/7zIoLvbCCm8"
        width="420"
        height="315"
        frameborder="0"></iframe>

<script type="text/javascript">
    var _gaq = _gaq || [];
    _gaq.push(["_setAccount", "UA-8673551-2"]);
    _gaq.push(["_trackPageview"]);
    (function() {
        var ga = document.createElement("script");
        ga.type = "text/javascript";
        ga.async = true;
        ga.src = ("https:" == document.location.protocol ? "https://ssl" : "http://www") + ".google-analytics.com/ga.js";
        var s = document.getElementsByTagName("script")[0];
        s.parentNode.insertBefore(ga, s);
    })();
</script>

