{
    "firstName": "Mister John F.",
    "lastName": "Kennedy",
    "age": 25,
    "gender": { "type": "male" }
}

